[2026-02-12 04:01:13] 🚀 Starting auto-development cycle...
[2026-02-12 04:01:13] 🎵 Creating sound files...
[2026-02-12 04:01:13] ✅ Completed: Arquivos de som (MP3)
[2026-02-12 04:01:14] 📝 Committed: 🎵 Add sound effects files
[2026-02-12 04:01:14] 🏁 Auto-development cycle complete
[2026-02-12 04:01:39] 🚀 Starting auto-development cycle...
[2026-02-12 04:01:39] 🧪 Creating unit tests...
[2026-02-12 04:01:39] ✅ Completed: Unit tests básicos
[2026-02-12 04:01:40] 📝 Committed: 🧪 Add basic unit tests
[2026-02-12 04:01:40] 🏁 Auto-development cycle complete
[2026-02-12 10:23:35] 🚀 Starting auto-development cycle...
[2026-02-12 10:23:35] 🎵 Creating sound files...
[2026-02-12 10:23:35] ✅ Completed: Arquivos de som (MP3)
[2026-02-12 10:23:36] 📝 Committed: 🎵 Add sound effects files
[2026-02-12 10:23:36] 🏁 Auto-development cycle complete
[2026-02-12 10:23:41] 🚀 Starting auto-development cycle...
[2026-02-12 10:23:41] 🎵 Creating sound files...
[2026-02-12 10:23:41] ✅ Completed: Arquivos de som (MP3)
[2026-02-12 10:23:42] 📝 Committed: 🎵 Add sound effects files
[2026-02-12 10:23:42] 🏁 Auto-development cycle complete
[2026-02-12 10:25:06] 🚀 Starting auto-development cycle...
[2026-02-12 10:25:06] 📱 Generating App Store screenshots...
[2026-02-12 10:25:06] ✅ Completed: Screenshots para App Store
[2026-02-12 10:25:07] 📝 Committed: 📱 Add App Store screenshots
[2026-02-12 10:25:07] 🏁 Auto-development cycle complete
[2026-02-12 10:25:11] 🚀 Starting auto-development cycle...
[2026-02-12 10:25:11] ⚖️ Creating privacy policy...
[2026-02-12 10:25:11] 📄 Privacy policy created
[2026-02-12 10:25:11] ✅ Completed: Política de privacidade
[2026-02-12 10:25:12] 📝 Committed: ⚖️ Add privacy policy
[2026-02-12 10:25:12] 🏁 Auto-development cycle complete
[2026-02-12 10:25:16] 🚀 Starting auto-development cycle...
[2026-02-12 10:25:16] 📊 Implementing detailed statistics...
[2026-02-12 10:25:16] ✅ Completed: Estatísticas detalhadas
